Archive member included to satisfy reference by file (symbol)

hw_include/libdriver.a(gpio_dirmodeset_.o)
                              gcc/main.o (GPIODirModeSet)
hw_include/libdriver.a(gpio_inttypeset_.o)
                              gcc/main.o (GPIOIntTypeSet)
hw_include/libdriver.a(gpio_pinintclear_.o)
                              gcc/main.o (GPIOPinIntClear)
hw_include/libdriver.a(gpio_pinintenable_.o)
                              gcc/main.o (GPIOPinIntEnable)
hw_include/libdriver.a(gpio_pintypei2c_.o)
                              gcc/osram96x16.o (GPIOPinTypeI2C)
hw_include/libdriver.a(i2c_mastercontrol_.o)
                              gcc/osram96x16.o (I2CMasterControl)
hw_include/libdriver.a(i2c_masterdataput_.o)
                              gcc/osram96x16.o (I2CMasterDataPut)
hw_include/libdriver.a(i2c_masterinit_.o)
                              gcc/osram96x16.o (I2CMasterInit)
hw_include/libdriver.a(i2c_masterintstatus_.o)
                              gcc/osram96x16.o (I2CMasterIntStatus)
hw_include/libdriver.a(i2c_masterslaveaddrset_.o)
                              gcc/osram96x16.o (I2CMasterSlaveAddrSet)
hw_include/libdriver.a(interrupt_enable_.o)
                              gcc/main.o (IntEnable)
hw_include/libdriver.a(interrupt_priorityset_.o)
                              gcc/main.o (IntPrioritySet)
hw_include/libdriver.a(interrupt_pulregs_.o)
                              hw_include/libdriver.a(interrupt_priorityset_.o) (g_pulRegs)
hw_include/libdriver.a(sysctl_clockget_.o)
                              hw_include/libdriver.a(i2c_masterinit_.o) (SysCtlClockGet)
hw_include/libdriver.a(sysctl_clockset_.o)
                              gcc/main.o (SysCtlClockSet)
hw_include/libdriver.a(sysctl_peripheralenable_.o)
                              gcc/main.o (SysCtlPeripheralEnable)
hw_include/libdriver.a(sysctl_pulrcgcregs_.o)
                              hw_include/libdriver.a(sysctl_peripheralenable_.o) (g_pulRCGCRegs)
hw_include/libdriver.a(sysctl_pulxtals_.o)
                              hw_include/libdriver.a(sysctl_clockget_.o) (g_pulXtals)
hw_include/libdriver.a(uart_configset_.o)
                              gcc/main.o (UARTConfigSet)
hw_include/libdriver.a(uart_disable_.o)
                              hw_include/libdriver.a(uart_configset_.o) (UARTDisable)
hw_include/libdriver.a(uart_enable_.o)
                              hw_include/libdriver.a(uart_configset_.o) (UARTEnable)
hw_include/libdriver.a(uart_intclear_.o)
                              gcc/main.o (UARTIntClear)
hw_include/libdriver.a(uart_intdisable_.o)
                              gcc/main.o (UARTIntDisable)
hw_include/libdriver.a(uart_intenable_.o)
                              gcc/main.o (UARTIntEnable)
hw_include/libdriver.a(uart_intstatus_.o)
                              gcc/main.o (UARTIntStatus)
hw_include/libdriver.a(gpio_padconfigset_.o)
                              hw_include/libdriver.a(gpio_pintypei2c_.o) (GPIOPadConfigSet)
hw_include/libdriver.a(i2c_masterenable_.o)
                              hw_include/libdriver.a(i2c_masterinit_.o) (I2CMasterEnable)
/usr/lib/gcc/arm-none-eabi/12.1.0/../../../../arm-none-eabi/lib/thumb/nofp/libc.a(lib_a-memcpy-stub.o)
                              gcc/startup.o (memcpy)

Memory Configuration

Name             Origin             Length             Attributes
FLASH            0x0000000000000000 0x0000000000010000 xr
SRAM             0x0000000020000000 0x0000000000002000 xrw
*default*        0x0000000000000000 0xffffffffffffffff

Linker script and memory map


.text           0x0000000000000000     0x31a4
 *(.isr_vector)
 .isr_vector    0x0000000000000000       0xb8 gcc/startup.o
                0x0000000000000000                g_pfnVectors
 *(.text*)
 .text          0x00000000000000b8       0x40 gcc/startup.o
                0x00000000000000c4                ResetISR
 .text          0x00000000000000f8      0x194 gcc/main.o
                0x0000000000000210                vUART_ISR
                0x000000000000024c                vGPIO_ISR
 .text.startup  0x000000000000028c      0x160 gcc/main.o
                0x000000000000028c                main
 .text          0x00000000000003ec       0x90 gcc/list.o
                0x00000000000003ec                vListInitialise
                0x0000000000000404                vListInitialiseItem
                0x000000000000040c                vListInsertEnd
                0x0000000000000428                vListInsert
                0x0000000000000458                uxListRemove
 .text          0x000000000000047c      0x81c gcc/queue.o
                0x0000000000000560                xQueueGenericReset
                0x00000000000005e4                xQueueGenericCreate
                0x0000000000000628                xQueueGenericSend
                0x0000000000000754                xQueueGenericSendFromISR
                0x00000000000007c0                xQueueGiveFromISR
                0x0000000000000824                xQueueReceive
                0x000000000000094c                xQueueSemaphoreTake
                0x0000000000000a54                xQueuePeek
                0x0000000000000b78                xQueueReceiveFromISR
                0x0000000000000c00                xQueuePeekFromISR
                0x0000000000000c48                uxQueueMessagesWaiting
                0x0000000000000c5c                uxQueueSpacesAvailable
                0x0000000000000c74                uxQueueMessagesWaitingFromISR
                0x0000000000000c78                vQueueDelete
                0x0000000000000c7c                xQueueIsQueueEmptyFromISR
                0x0000000000000c88                xQueueIsQueueFullFromISR
 .text          0x0000000000000c98      0xd24 gcc/tasks.o
                0x0000000000000e20                xTaskCreate
                0x0000000000000fb0                vTaskStartScheduler
                0x0000000000001010                vTaskEndScheduler
                0x0000000000001030                vTaskSuspendAll
                0x0000000000001044                xTaskResumeAll
                0x000000000000117c                xTaskDelayUntil
                0x00000000000011dc                vTaskDelay
                0x0000000000001214                xTaskGetTickCount
                0x0000000000001220                xTaskGetTickCountFromISR
                0x000000000000122c                uxTaskGetNumberOfTasks
                0x0000000000001238                pcTaskGetName
                0x000000000000124c                xTaskCatchUpTicks
                0x000000000000126c                xTaskIncrementTick
                0x0000000000001288                vTaskSwitchContext
                0x00000000000012d0                vTaskPlaceOnEventList
                0x00000000000012ec                vTaskPlaceOnUnorderedEventList
                0x0000000000001334                xTaskRemoveFromEventList
                0x00000000000013f4                vTaskRemoveFromUnorderedEventList
                0x0000000000001484                vTaskSetTimeOutState
                0x00000000000014a4                vTaskInternalSetTimeOutState
                0x00000000000014b4                xTaskCheckForTimeOut
                0x0000000000001504                vTaskMissedYield
                0x0000000000001514                uxTaskResetEventItemValue
                0x000000000000152c                ulTaskGenericNotifyTake
                0x00000000000015b0                xTaskGenericNotifyWait
                0x0000000000001654                xTaskGenericNotify
                0x0000000000001748                xTaskGenericNotifyFromISR
                0x0000000000001870                vTaskGenericNotifyGiveFromISR
                0x0000000000001958                xTaskGenericNotifyStateClear
                0x000000000000198c                ulTaskGenericNotifyValueClear
 *fill*         0x00000000000019bc        0x4 
 .text          0x00000000000019c0      0x1ac gcc/port.o
                0x0000000000001a00                pxPortInitialiseStack
                0x0000000000001a24                vPortSVCHandler
                0x0000000000001a54                vPortEndScheduler
                0x0000000000001a58                vPortEnterCritical
                0x0000000000001a78                vPortExitCritical
                0x0000000000001a8c                xPortPendSVHandler
                0x0000000000001ad4                xPortSysTickHandler
                0x0000000000001b00                vPortSetupTimerInterrupt
                0x0000000000001b18                xPortStartScheduler
 .text          0x0000000000001b6c       0xb0 gcc/heap_1.o
                0x0000000000001b6c                pvPortMalloc
                0x0000000000001bfc                vPortFree
                0x0000000000001c00                vPortInitialiseBlocks
                0x0000000000001c0c                xPortGetFreeHeapSize
 .text          0x0000000000001c1c      0x200 gcc/BlockQ.o
                0x0000000000001c94                vStartBlockingQueueTasks
                0x0000000000001dd0                xAreBlockingQueuesStillRunning
 .text          0x0000000000001e1c      0x128 gcc/PollQ.o
                0x0000000000001ed4                vStartPolledQueueTasks
                0x0000000000001f28                xArePollingQueuesStillRunning
 .text          0x0000000000001f44       0x98 gcc/integer.o
                0x0000000000001fa0                vStartIntegerMathTasks
                0x0000000000001fc8                xAreIntegerMathsTaskStillRunning
 .text          0x0000000000001fdc      0x1d8 gcc/semtest.o
                0x00000000000020ac                vStartSemaphoreTasks
                0x0000000000002180                xAreSemaphoreTasksStillRunning
 .text          0x00000000000021b4      0x684 gcc/osram96x16.o
                0x0000000000002244                OSRAMClear
                0x000000000000234c                OSRAMStringDraw
                0x0000000000002530                OSRAMImageDraw
                0x000000000000267c                OSRAMInit
                0x0000000000002718                OSRAMDisplayOn
                0x0000000000002778                OSRAMDisplayOff
 .text          0x0000000000002838       0x48 hw_include/libdriver.a(gpio_dirmodeset_.o)
                0x0000000000002838                GPIODirModeSet
 .text          0x0000000000002880       0x74 hw_include/libdriver.a(gpio_inttypeset_.o)
                0x0000000000002880                GPIOIntTypeSet
 .text          0x00000000000028f4        0x8 hw_include/libdriver.a(gpio_pinintclear_.o)
                0x00000000000028f4                GPIOPinIntClear
 .text          0x00000000000028fc        0xc hw_include/libdriver.a(gpio_pinintenable_.o)
                0x00000000000028fc                GPIOPinIntEnable
 .text          0x0000000000002908       0x20 hw_include/libdriver.a(gpio_pintypei2c_.o)
                0x0000000000002908                GPIOPinTypeI2C
 .text          0x0000000000002928        0x4 hw_include/libdriver.a(i2c_mastercontrol_.o)
                0x0000000000002928                I2CMasterControl
 .text          0x000000000000292c        0x4 hw_include/libdriver.a(i2c_masterdataput_.o)
                0x000000000000292c                I2CMasterDataPut
 .text          0x0000000000002930       0x34 hw_include/libdriver.a(i2c_masterinit_.o)
                0x0000000000002930                I2CMasterInit
 .text          0x0000000000002964       0x18 hw_include/libdriver.a(i2c_masterintstatus_.o)
                0x0000000000002964                I2CMasterIntStatus
 .text          0x000000000000297c        0x8 hw_include/libdriver.a(i2c_masterslaveaddrset_.o)
                0x000000000000297c                I2CMasterSlaveAddrSet
 .text          0x0000000000002984       0x5c hw_include/libdriver.a(interrupt_enable_.o)
                0x0000000000002984                IntEnable
 .text          0x00000000000029e0       0x30 hw_include/libdriver.a(interrupt_priorityset_.o)
                0x00000000000029e0                IntPrioritySet
 .text          0x0000000000002a10        0x0 hw_include/libdriver.a(interrupt_pulregs_.o)
 .text          0x0000000000002a10       0x90 hw_include/libdriver.a(sysctl_clockget_.o)
                0x0000000000002a10                SysCtlClockGet
 .text          0x0000000000002aa0       0xcc hw_include/libdriver.a(sysctl_clockset_.o)
                0x0000000000002aa0                SysCtlClockSet
 .text          0x0000000000002b6c       0x1c hw_include/libdriver.a(sysctl_peripheralenable_.o)
                0x0000000000002b6c                SysCtlPeripheralEnable
 .text          0x0000000000002b88        0x0 hw_include/libdriver.a(sysctl_pulrcgcregs_.o)
 .text          0x0000000000002b88        0x0 hw_include/libdriver.a(sysctl_pulxtals_.o)
 .text          0x0000000000002b88       0x38 hw_include/libdriver.a(uart_configset_.o)
                0x0000000000002b88                UARTConfigSet
 .text          0x0000000000002bc0       0x24 hw_include/libdriver.a(uart_disable_.o)
                0x0000000000002bc0                UARTDisable
 .text          0x0000000000002be4       0x18 hw_include/libdriver.a(uart_enable_.o)
                0x0000000000002be4                UARTEnable
 .text          0x0000000000002bfc        0x4 hw_include/libdriver.a(uart_intclear_.o)
                0x0000000000002bfc                UARTIntClear
 .text          0x0000000000002c00        0xc hw_include/libdriver.a(uart_intdisable_.o)
                0x0000000000002c00                UARTIntDisable
 .text          0x0000000000002c0c        0x8 hw_include/libdriver.a(uart_intenable_.o)
                0x0000000000002c0c                UARTIntEnable
 .text          0x0000000000002c14        0xc hw_include/libdriver.a(uart_intstatus_.o)
                0x0000000000002c14                UARTIntStatus
 .text          0x0000000000002c20      0x11c hw_include/libdriver.a(gpio_padconfigset_.o)
                0x0000000000002c20                GPIOPadConfigSet
 .text          0x0000000000002d3c        0xc hw_include/libdriver.a(i2c_masterenable_.o)
                0x0000000000002d3c                I2CMasterEnable
 .text          0x0000000000002d48        0x0 /usr/lib/gcc/arm-none-eabi/12.1.0/../../../../arm-none-eabi/lib/thumb/nofp/libc.a(lib_a-memcpy-stub.o)
 .text.memcpy   0x0000000000002d48       0xa8 /usr/lib/gcc/arm-none-eabi/12.1.0/../../../../arm-none-eabi/lib/thumb/nofp/libc.a(lib_a-memcpy-stub.o)
                0x0000000000002d48                memcpy
 *(.rodata*)
 .rodata.str1.4
                0x0000000000002df0       0x76 gcc/main.o
 *fill*         0x0000000000002e66        0x2 
 .rodata.str1.4
                0x0000000000002e68        0x5 gcc/tasks.o
 *fill*         0x0000000000002e6d        0x3 
 .rodata.str1.4
                0x0000000000002e70       0x30 gcc/BlockQ.o
 .rodata.str1.4
                0x0000000000002ea0       0x10 gcc/PollQ.o
 .rodata.str1.4
                0x0000000000002eb0        0x8 gcc/integer.o
 .rodata.str1.4
                0x0000000000002eb8       0x20 gcc/semtest.o
 .rodata        0x0000000000002ed8      0x25d gcc/osram96x16.o
 *fill*         0x0000000000003135        0x3 
 .rodata        0x0000000000003138       0x30 hw_include/libdriver.a(interrupt_pulregs_.o)
                0x0000000000003138                g_pulRegs
 .rodata        0x0000000000003168        0xc hw_include/libdriver.a(sysctl_pulrcgcregs_.o)
                0x0000000000003168                g_pulRCGCRegs
 .rodata        0x0000000000003174       0x30 hw_include/libdriver.a(sysctl_pulxtals_.o)
                0x0000000000003174                g_pulXtals
                0x00000000000031a4                _etext = .

.glue_7         0x00000000000031a4        0x0
 .glue_7        0x00000000000031a4        0x0 linker stubs

.glue_7t        0x00000000000031a4        0x0
 .glue_7t       0x00000000000031a4        0x0 linker stubs

.vfp11_veneer   0x00000000000031a4        0x0
 .vfp11_veneer  0x00000000000031a4        0x0 linker stubs

.v4_bx          0x00000000000031a4        0x0
 .v4_bx         0x00000000000031a4        0x0 linker stubs

.iplt           0x00000000000031a4        0x0
 .iplt          0x00000000000031a4        0x0 gcc/startup.o

.rel.dyn        0x00000000000031a4        0x0
 .rel.iplt      0x00000000000031a4        0x0 gcc/startup.o

.data           0x0000000020000000        0x8 load address 0x00000000000031a4
                0x0000000020000000                _data = .
 *(vtable)
 *(.data)
 .data          0x0000000020000000        0x0 gcc/startup.o
 .data          0x0000000020000000        0x0 gcc/main.o
 .data          0x0000000020000000        0x0 gcc/list.o
 .data          0x0000000020000000        0x0 gcc/queue.o
 .data          0x0000000020000000        0x4 gcc/tasks.o
                0x0000000020000000                uxTopUsedPriority
 .data          0x0000000020000004        0x4 gcc/port.o
 .data          0x0000000020000008        0x0 gcc/heap_1.o
 .data          0x0000000020000008        0x0 gcc/BlockQ.o
 .data          0x0000000020000008        0x0 gcc/PollQ.o
 .data          0x0000000020000008        0x0 gcc/integer.o
 .data          0x0000000020000008        0x0 gcc/semtest.o
 .data          0x0000000020000008        0x0 gcc/osram96x16.o
 .data          0x0000000020000008        0x0 hw_include/libdriver.a(gpio_dirmodeset_.o)
 .data          0x0000000020000008        0x0 hw_include/libdriver.a(gpio_inttypeset_.o)
 .data          0x0000000020000008        0x0 hw_include/libdriver.a(gpio_pinintclear_.o)
 .data          0x0000000020000008        0x0 hw_include/libdriver.a(gpio_pinintenable_.o)
 .data          0x0000000020000008        0x0 hw_include/libdriver.a(gpio_pintypei2c_.o)
 .data          0x0000000020000008        0x0 hw_include/libdriver.a(i2c_mastercontrol_.o)
 .data          0x0000000020000008        0x0 hw_include/libdriver.a(i2c_masterdataput_.o)
 .data          0x0000000020000008        0x0 hw_include/libdriver.a(i2c_masterinit_.o)
 .data          0x0000000020000008        0x0 hw_include/libdriver.a(i2c_masterintstatus_.o)
 .data          0x0000000020000008        0x0 hw_include/libdriver.a(i2c_masterslaveaddrset_.o)
 .data          0x0000000020000008        0x0 hw_include/libdriver.a(interrupt_enable_.o)
 .data          0x0000000020000008        0x0 hw_include/libdriver.a(interrupt_priorityset_.o)
 .data          0x0000000020000008        0x0 hw_include/libdriver.a(interrupt_pulregs_.o)
 .data          0x0000000020000008        0x0 hw_include/libdriver.a(sysctl_clockget_.o)
 .data          0x0000000020000008        0x0 hw_include/libdriver.a(sysctl_clockset_.o)
 .data          0x0000000020000008        0x0 hw_include/libdriver.a(sysctl_peripheralenable_.o)
 .data          0x0000000020000008        0x0 hw_include/libdriver.a(sysctl_pulrcgcregs_.o)
 .data          0x0000000020000008        0x0 hw_include/libdriver.a(sysctl_pulxtals_.o)
 .data          0x0000000020000008        0x0 hw_include/libdriver.a(uart_configset_.o)
 .data          0x0000000020000008        0x0 hw_include/libdriver.a(uart_disable_.o)
 .data          0x0000000020000008        0x0 hw_include/libdriver.a(uart_enable_.o)
 .data          0x0000000020000008        0x0 hw_include/libdriver.a(uart_intclear_.o)
 .data          0x0000000020000008        0x0 hw_include/libdriver.a(uart_intdisable_.o)
 .data          0x0000000020000008        0x0 hw_include/libdriver.a(uart_intenable_.o)
 .data          0x0000000020000008        0x0 hw_include/libdriver.a(uart_intstatus_.o)
 .data          0x0000000020000008        0x0 hw_include/libdriver.a(gpio_padconfigset_.o)
 .data          0x0000000020000008        0x0 hw_include/libdriver.a(i2c_masterenable_.o)
 .data          0x0000000020000008        0x0 /usr/lib/gcc/arm-none-eabi/12.1.0/../../../../arm-none-eabi/lib/thumb/nofp/libc.a(lib_a-memcpy-stub.o)
                0x0000000020000008                _edata = .

.igot.plt       0x0000000020000008        0x0 load address 0x00000000000031ac
 .igot.plt      0x0000000020000008        0x0 gcc/startup.o

.bss            0x0000000020000008     0x1d8c load address 0x00000000000031ac
                0x0000000020000008                _bss = .
 *(.bss)
 .bss           0x0000000020000008      0x100 gcc/startup.o
 .bss           0x0000000020000108        0xc gcc/main.o
                0x0000000020000108                xPrintQueue
                0x000000002000010c                xButtonSemaphore
 .bss           0x0000000020000114        0x0 gcc/list.o
 .bss           0x0000000020000114        0x0 gcc/queue.o
 .bss           0x0000000020000114       0xd8 gcc/tasks.o
                0x0000000020000118                pxCurrentTCB
 .bss           0x00000000200001ec        0x0 gcc/port.o
 .bss           0x00000000200001ec     0x1b60 gcc/heap_1.o
 .bss           0x0000000020001d4c       0x1e gcc/BlockQ.o
 *fill*         0x0000000020001d6a        0x2 
 .bss           0x0000000020001d6c        0xc gcc/PollQ.o
 .bss           0x0000000020001d78        0x4 gcc/integer.o
 .bss           0x0000000020001d7c       0x14 gcc/semtest.o
 .bss           0x0000000020001d90        0x4 gcc/osram96x16.o
 .bss           0x0000000020001d94        0x0 hw_include/libdriver.a(gpio_dirmodeset_.o)
 .bss           0x0000000020001d94        0x0 hw_include/libdriver.a(gpio_inttypeset_.o)
 .bss           0x0000000020001d94        0x0 hw_include/libdriver.a(gpio_pinintclear_.o)
 .bss           0x0000000020001d94        0x0 hw_include/libdriver.a(gpio_pinintenable_.o)
 .bss           0x0000000020001d94        0x0 hw_include/libdriver.a(gpio_pintypei2c_.o)
 .bss           0x0000000020001d94        0x0 hw_include/libdriver.a(i2c_mastercontrol_.o)
 .bss           0x0000000020001d94        0x0 hw_include/libdriver.a(i2c_masterdataput_.o)
 .bss           0x0000000020001d94        0x0 hw_include/libdriver.a(i2c_masterinit_.o)
 .bss           0x0000000020001d94        0x0 hw_include/libdriver.a(i2c_masterintstatus_.o)
 .bss           0x0000000020001d94        0x0 hw_include/libdriver.a(i2c_masterslaveaddrset_.o)
 .bss           0x0000000020001d94        0x0 hw_include/libdriver.a(interrupt_enable_.o)
 .bss           0x0000000020001d94        0x0 hw_include/libdriver.a(interrupt_priorityset_.o)
 .bss           0x0000000020001d94        0x0 hw_include/libdriver.a(interrupt_pulregs_.o)
 .bss           0x0000000020001d94        0x0 hw_include/libdriver.a(sysctl_clockget_.o)
 .bss           0x0000000020001d94        0x0 hw_include/libdriver.a(sysctl_clockset_.o)
 .bss           0x0000000020001d94        0x0 hw_include/libdriver.a(sysctl_peripheralenable_.o)
 .bss           0x0000000020001d94        0x0 hw_include/libdriver.a(sysctl_pulrcgcregs_.o)
 .bss           0x0000000020001d94        0x0 hw_include/libdriver.a(sysctl_pulxtals_.o)
 .bss           0x0000000020001d94        0x0 hw_include/libdriver.a(uart_configset_.o)
 .bss           0x0000000020001d94        0x0 hw_include/libdriver.a(uart_disable_.o)
 .bss           0x0000000020001d94        0x0 hw_include/libdriver.a(uart_enable_.o)
 .bss           0x0000000020001d94        0x0 hw_include/libdriver.a(uart_intclear_.o)
 .bss           0x0000000020001d94        0x0 hw_include/libdriver.a(uart_intdisable_.o)
 .bss           0x0000000020001d94        0x0 hw_include/libdriver.a(uart_intenable_.o)
 .bss           0x0000000020001d94        0x0 hw_include/libdriver.a(uart_intstatus_.o)
 .bss           0x0000000020001d94        0x0 hw_include/libdriver.a(gpio_padconfigset_.o)
 .bss           0x0000000020001d94        0x0 hw_include/libdriver.a(i2c_masterenable_.o)
 .bss           0x0000000020001d94        0x0 /usr/lib/gcc/arm-none-eabi/12.1.0/../../../../arm-none-eabi/lib/thumb/nofp/libc.a(lib_a-memcpy-stub.o)
 *(COMMON)
                0x0000000020001d94                _ebss = .
LOAD gcc/startup.o
LOAD gcc/main.o
LOAD gcc/list.o
LOAD gcc/queue.o
LOAD gcc/tasks.o
LOAD gcc/port.o
LOAD gcc/heap_1.o
LOAD gcc/BlockQ.o
LOAD gcc/PollQ.o
LOAD gcc/integer.o
LOAD gcc/semtest.o
LOAD gcc/osram96x16.o
LOAD hw_include/libdriver.a
LOAD /usr/lib/gcc/arm-none-eabi/12.1.0/../../../../arm-none-eabi/lib/thumb/nofp/libc.a
LOAD /usr/lib/gcc/arm-none-eabi/12.1.0/thumb/nofp/libgcc.a
OUTPUT(gcc/RTOSDemo.axf elf32-littlearm)
LOAD linker stubs

.comment        0x0000000000000000      0x3d2
 .comment       0x0000000000000000       0x1e gcc/startup.o
                                         0x1f (size before relaxing)
 .comment       0x000000000000001e       0x1f gcc/main.o
 .comment       0x000000000000001e       0x1f gcc/list.o
 .comment       0x000000000000001e       0x1f gcc/queue.o
 .comment       0x000000000000001e       0x1f gcc/tasks.o
 .comment       0x000000000000001e       0x1f gcc/port.o
 .comment       0x000000000000001e       0x1f gcc/heap_1.o
 .comment       0x000000000000001e       0x1f gcc/BlockQ.o
 .comment       0x000000000000001e       0x1f gcc/PollQ.o
 .comment       0x000000000000001e       0x1f gcc/integer.o
 .comment       0x000000000000001e       0x1f gcc/semtest.o
 .comment       0x000000000000001e       0x1f gcc/osram96x16.o
 .comment       0x000000000000001e       0x22 hw_include/libdriver.a(gpio_dirmodeset_.o)
 .comment       0x0000000000000040       0x22 hw_include/libdriver.a(gpio_inttypeset_.o)
 .comment       0x0000000000000062       0x22 hw_include/libdriver.a(gpio_pinintclear_.o)
 .comment       0x0000000000000084       0x22 hw_include/libdriver.a(gpio_pinintenable_.o)
 .comment       0x00000000000000a6       0x22 hw_include/libdriver.a(gpio_pintypei2c_.o)
 .comment       0x00000000000000c8       0x22 hw_include/libdriver.a(i2c_mastercontrol_.o)
 .comment       0x00000000000000ea       0x22 hw_include/libdriver.a(i2c_masterdataput_.o)
 .comment       0x000000000000010c       0x22 hw_include/libdriver.a(i2c_masterinit_.o)
 .comment       0x000000000000012e       0x22 hw_include/libdriver.a(i2c_masterintstatus_.o)
 .comment       0x0000000000000150       0x22 hw_include/libdriver.a(i2c_masterslaveaddrset_.o)
 .comment       0x0000000000000172       0x22 hw_include/libdriver.a(interrupt_enable_.o)
 .comment       0x0000000000000194       0x22 hw_include/libdriver.a(interrupt_priorityset_.o)
 .comment       0x00000000000001b6       0x22 hw_include/libdriver.a(interrupt_pulregs_.o)
 .comment       0x00000000000001d8       0x22 hw_include/libdriver.a(sysctl_clockget_.o)
 .comment       0x00000000000001fa       0x22 hw_include/libdriver.a(sysctl_clockset_.o)
 .comment       0x000000000000021c       0x22 hw_include/libdriver.a(sysctl_peripheralenable_.o)
 .comment       0x000000000000023e       0x22 hw_include/libdriver.a(sysctl_pulrcgcregs_.o)
 .comment       0x0000000000000260       0x22 hw_include/libdriver.a(sysctl_pulxtals_.o)
 .comment       0x0000000000000282       0x22 hw_include/libdriver.a(uart_configset_.o)
 .comment       0x00000000000002a4       0x22 hw_include/libdriver.a(uart_disable_.o)
 .comment       0x00000000000002c6       0x22 hw_include/libdriver.a(uart_enable_.o)
 .comment       0x00000000000002e8       0x22 hw_include/libdriver.a(uart_intclear_.o)
 .comment       0x000000000000030a       0x22 hw_include/libdriver.a(uart_intdisable_.o)
 .comment       0x000000000000032c       0x22 hw_include/libdriver.a(uart_intenable_.o)
 .comment       0x000000000000034e       0x22 hw_include/libdriver.a(uart_intstatus_.o)
 .comment       0x0000000000000370       0x22 hw_include/libdriver.a(gpio_padconfigset_.o)
 .comment       0x0000000000000392       0x22 hw_include/libdriver.a(i2c_masterenable_.o)
 .comment       0x00000000000003b4       0x1e /usr/lib/gcc/arm-none-eabi/12.1.0/../../../../arm-none-eabi/lib/thumb/nofp/libc.a(lib_a-memcpy-stub.o)
                                         0x1f (size before relaxing)

.ARM.attributes
                0x0000000000000000       0x2f
 .ARM.attributes
                0x0000000000000000       0x2d gcc/startup.o
 .ARM.attributes
                0x000000000000002d       0x2d gcc/main.o
 .ARM.attributes
                0x000000000000005a       0x2d gcc/list.o
 .ARM.attributes
                0x0000000000000087       0x2d gcc/queue.o
 .ARM.attributes
                0x00000000000000b4       0x2d gcc/tasks.o
 .ARM.attributes
                0x00000000000000e1       0x2d gcc/port.o
 .ARM.attributes
                0x000000000000010e       0x2d gcc/heap_1.o
 .ARM.attributes
                0x000000000000013b       0x2d gcc/BlockQ.o
 .ARM.attributes
                0x0000000000000168       0x2d gcc/PollQ.o
 .ARM.attributes
                0x0000000000000195       0x2d gcc/integer.o
 .ARM.attributes
                0x00000000000001c2       0x2d gcc/semtest.o
 .ARM.attributes
                0x00000000000001ef       0x2d gcc/osram96x16.o
 .ARM.attributes
                0x000000000000021c       0x31 hw_include/libdriver.a(gpio_dirmodeset_.o)
 .ARM.attributes
                0x000000000000024d       0x31 hw_include/libdriver.a(gpio_inttypeset_.o)
 .ARM.attributes
                0x000000000000027e       0x31 hw_include/libdriver.a(gpio_pinintclear_.o)
 .ARM.attributes
                0x00000000000002af       0x31 hw_include/libdriver.a(gpio_pinintenable_.o)
 .ARM.attributes
                0x00000000000002e0       0x31 hw_include/libdriver.a(gpio_pintypei2c_.o)
 .ARM.attributes
                0x0000000000000311       0x31 hw_include/libdriver.a(i2c_mastercontrol_.o)
 .ARM.attributes
                0x0000000000000342       0x31 hw_include/libdriver.a(i2c_masterdataput_.o)
 .ARM.attributes
                0x0000000000000373       0x31 hw_include/libdriver.a(i2c_masterinit_.o)
 .ARM.attributes
                0x00000000000003a4       0x31 hw_include/libdriver.a(i2c_masterintstatus_.o)
 .ARM.attributes
                0x00000000000003d5       0x31 hw_include/libdriver.a(i2c_masterslaveaddrset_.o)
 .ARM.attributes
                0x0000000000000406       0x31 hw_include/libdriver.a(interrupt_enable_.o)
 .ARM.attributes
                0x0000000000000437       0x31 hw_include/libdriver.a(interrupt_priorityset_.o)
 .ARM.attributes
                0x0000000000000468       0x2f hw_include/libdriver.a(interrupt_pulregs_.o)
 .ARM.attributes
                0x0000000000000497       0x31 hw_include/libdriver.a(sysctl_clockget_.o)
 .ARM.attributes
                0x00000000000004c8       0x31 hw_include/libdriver.a(sysctl_clockset_.o)
 .ARM.attributes
                0x00000000000004f9       0x31 hw_include/libdriver.a(sysctl_peripheralenable_.o)
 .ARM.attributes
                0x000000000000052a       0x2f hw_include/libdriver.a(sysctl_pulrcgcregs_.o)
 .ARM.attributes
                0x0000000000000559       0x2f hw_include/libdriver.a(sysctl_pulxtals_.o)
 .ARM.attributes
                0x0000000000000588       0x31 hw_include/libdriver.a(uart_configset_.o)
 .ARM.attributes
                0x00000000000005b9       0x31 hw_include/libdriver.a(uart_disable_.o)
 .ARM.attributes
                0x00000000000005ea       0x31 hw_include/libdriver.a(uart_enable_.o)
 .ARM.attributes
                0x000000000000061b       0x31 hw_include/libdriver.a(uart_intclear_.o)
 .ARM.attributes
                0x000000000000064c       0x31 hw_include/libdriver.a(uart_intdisable_.o)
 .ARM.attributes
                0x000000000000067d       0x31 hw_include/libdriver.a(uart_intenable_.o)
 .ARM.attributes
                0x00000000000006ae       0x31 hw_include/libdriver.a(uart_intstatus_.o)
 .ARM.attributes
                0x00000000000006df       0x31 hw_include/libdriver.a(gpio_padconfigset_.o)
 .ARM.attributes
                0x0000000000000710       0x31 hw_include/libdriver.a(i2c_masterenable_.o)
 .ARM.attributes
                0x0000000000000741       0x2a /usr/lib/gcc/arm-none-eabi/12.1.0/../../../../arm-none-eabi/lib/thumb/nofp/libc.a(lib_a-memcpy-stub.o)

.debug_info     0x0000000000000000      0x152
 .debug_info    0x0000000000000000      0x152 /usr/lib/gcc/arm-none-eabi/12.1.0/../../../../arm-none-eabi/lib/thumb/nofp/libc.a(lib_a-memcpy-stub.o)

.debug_abbrev   0x0000000000000000       0xca
 .debug_abbrev  0x0000000000000000       0xca /usr/lib/gcc/arm-none-eabi/12.1.0/../../../../arm-none-eabi/lib/thumb/nofp/libc.a(lib_a-memcpy-stub.o)

.debug_loclists
                0x0000000000000000      0x30e
 .debug_loclists
                0x0000000000000000      0x30e /usr/lib/gcc/arm-none-eabi/12.1.0/../../../../arm-none-eabi/lib/thumb/nofp/libc.a(lib_a-memcpy-stub.o)

.debug_aranges  0x0000000000000000       0x20
 .debug_aranges
                0x0000000000000000       0x20 /usr/lib/gcc/arm-none-eabi/12.1.0/../../../../arm-none-eabi/lib/thumb/nofp/libc.a(lib_a-memcpy-stub.o)

.debug_rnglists
                0x0000000000000000       0x14
 .debug_rnglists
                0x0000000000000000       0x14 /usr/lib/gcc/arm-none-eabi/12.1.0/../../../../arm-none-eabi/lib/thumb/nofp/libc.a(lib_a-memcpy-stub.o)

.debug_line     0x0000000000000000      0x1dd
 .debug_line    0x0000000000000000      0x1dd /usr/lib/gcc/arm-none-eabi/12.1.0/../../../../arm-none-eabi/lib/thumb/nofp/libc.a(lib_a-memcpy-stub.o)

.debug_str      0x0000000000000000      0x1d1
 .debug_str     0x0000000000000000      0x1d1 /usr/lib/gcc/arm-none-eabi/12.1.0/../../../../arm-none-eabi/lib/thumb/nofp/libc.a(lib_a-memcpy-stub.o)
                                        0x20a (size before relaxing)

.debug_frame    0x0000000000000000       0x34
 .debug_frame   0x0000000000000000       0x34 /usr/lib/gcc/arm-none-eabi/12.1.0/../../../../arm-none-eabi/lib/thumb/nofp/libc.a(lib_a-memcpy-stub.o)
